
> Configure project :app
WARNING: The option setting 'android.usesSdkInManifest.disallowed=false' is deprecated.
The current default is 'true'.
It will be removed in version 10.0 of the Android Gradle plugin.
WARNING: The option setting 'android.sdk.defaultTargetSdkToCompileSdkIfUnset=false' is deprecated.
The current default is 'true'.
It will be removed in version 10.0 of the Android Gradle plugin.
WARNING: The option setting 'android.enableAppCompileTimeRClass=false' is deprecated.
The current default is 'true'.
It will be removed in version 10.0 of the Android Gradle plugin.
WARNING: The option setting 'android.builtInKotlin=false' is deprecated.
The current default is 'true'.
It will be removed in version 10.0 of the Android Gradle plugin.
WARNING: The option setting 'android.newDsl=false' is deprecated.
The current default is 'true'.
It will be removed in version 10.0 of the Android Gradle plugin.
WARNING: The option setting 'android.r8.optimizedResourceShrinking=false' is deprecated.
The current default is 'true'.
It will be removed in version 10.0 of the Android Gradle plugin.
WARNING: The option setting 'android.defaults.buildfeatures.resvalues=true' is deprecated.
The current default is 'false'.
It will be removed in version 10.0 of the Android Gradle plugin.
WARNING: The option setting 'android.enableJetifier=true' is deprecated.
The current default is 'false'.
It will be removed in version 10.0 of the Android Gradle plugin.
WARNING: The property android.dependency.excludeLibraryComponentsFromConstraints improves project import performance for very large projects. It should be enabled to improve performance.
To suppress this warning, add android.generateSyncIssueWhenLibraryConstraintsAreEnabled=false to gradle.properties
WARNING: The property android.dependency.excludeLibraryComponentsFromConstraints improves project import performance for very large projects. It should be enabled to improve performance.
To suppress this warning, add android.generateSyncIssueWhenLibraryConstraintsAreEnabled=false to gradle.properties
WARNING: The property android.dependency.excludeLibraryComponentsFromConstraints improves project import performance for very large projects. It should be enabled to improve performance.
To suppress this warning, add android.generateSyncIssueWhenLibraryConstraintsAreEnabled=false to gradle.properties
WARNING: The property android.dependency.excludeLibraryComponentsFromConstraints improves project import performance for very large projects. It should be enabled to improve performance.
To suppress this warning, add android.generateSyncIssueWhenLibraryConstraintsAreEnabled=false to gradle.properties

> Task :app:clean
> Task :app:preBuild UP-TO-DATE
> Task :app:preDebugBuild UP-TO-DATE
> Task :app:mergeDebugNativeDebugMetadata NO-SOURCE
> Task :app:checkKotlinGradlePluginConfigurationErrors SKIPPED
> Task :app:generateDebugBuildConfig FROM-CACHE
> Task :app:processDebugNavigationResources FROM-CACHE
> Task :app:checkDebugAarMetadata
> Task :app:compileDebugNavigationResources FROM-CACHE
> Task :app:generateDebugResValues FROM-CACHE
> Task :app:mapDebugSourceSetPaths
> Task :app:generateDebugResources FROM-CACHE
> Task :app:mergeDebugResources FROM-CACHE
> Task :app:packageDebugResources FROM-CACHE
> Task :app:parseDebugLocalResources FROM-CACHE
> Task :app:createDebugCompatibleScreenManifests
> Task :app:extractDeepLinksDebug FROM-CACHE
> Task :app:processDebugMainManifest FROM-CACHE
> Task :app:processDebugManifest FROM-CACHE
> Task :app:processDebugManifestForPackage FROM-CACHE
> Task :app:processDebugResources FROM-CACHE
> Task :app:kaptGenerateStubsDebugKotlin FROM-CACHE
> Task :app:javaPreCompileDebug FROM-CACHE
> Task :app:generateDebugAssets UP-TO-DATE
> Task :app:mergeDebugAssets
> Task :app:compressDebugAssets FROM-CACHE
> Task :app:desugarDebugFileDependencies FROM-CACHE
> Task :app:mergeDebugJniLibFolders
> Task :app:checkDebugDuplicateClasses
> Task :app:validateSigningDebug
> Task :app:mergeDebugNativeLibs
> Task :app:mergeExtDexDebug FROM-CACHE
> Task :app:mergeLibDexDebug FROM-CACHE
> Task :app:writeDebugAppMetadata
> Task :app:writeDebugSigningConfigVersions

> Task :app:stripDebugDebugSymbols
Unable to strip the following libraries, packaging them as they are: libandroidx.graphics.path.so, libdatastore_shared_counter.so. Run with --info option to learn more.

> Task :app:kaptDebugKotlin FAILED
gradle.bat : error: [Hilt] Provided Metadata instance has version 2.2.0, while 
maximum supported version is 2.1.0. To support newer versions, update the 
kotlinx-metadata-jvm library.: java.lang.IllegalArgumentException: Provided 
Metadata instance has version 2.2.0, while maximum supported version is 2.1.0. 
To support newer versions, update the kotlinx-metadata-jvm library.
Au caractère Ligne:1 : 237
+ ... -9.2.1\bin\gradle.bat"; & $gradleExe clean assembleDebug 2>&1 | Tee-O ...
+                             ~~~~~~~~~~~~~~~~~~~~~~~~~~~~~~~~~~~~~
    + CategoryInfo          : NotSpecified: (error: [Hilt] P...ta-jvm library. 
   :String) [], RemoteException
    + FullyQualifiedErrorId : NativeCommandError
 
  	at dagger.spi.internal.shaded.androidx.room.jarjarred.kotlinx.metadata.jvm.i
nternal.JvmReadUtils.throwIfNotCompatible$kotlinx_metadata_jvm(JvmReadUtils.kt:
101)
  	at dagger.spi.internal.shaded.androidx.room.jarjarred.kotlinx.metadata.jvm.i
nternal.JvmReadUtils.checkMetadataVersionForRead(JvmReadUtils.kt:90)
  	at dagger.spi.internal.shaded.androidx.room.jarjarred.kotlinx.metadata.jvm.i
nternal.JvmReadUtils.readMetadataImpl$kotlinx_metadata_jvm(JvmReadUtils.kt:47)
  	at dagger.spi.internal.shaded.androidx.room.jarjarred.kotlinx.metadata.jvm.K
otlinClassMetadata$Companion.readStrict(KotlinClassMetadata.kt:793)
  	at dagger.spi.internal.shaded.androidx.room.compiler.processing.javac.kotlin
.KmClassContainer$Companion.createFor(KotlinClassMetadataUtils.kt:182)
  	at dagger.spi.internal.shaded.androidx.room.compiler.processing.javac.JavacT
ypeElement$kotlinMetadata$2.invoke(JavacTypeElement.kt:57)
  	at dagger.spi.internal.shaded.androidx.room.compiler.processing.javac.JavacT
ypeElement$kotlinMetadata$2.invoke(JavacTypeElement.kt:57)
  	at kotlin.SynchronizedLazyImpl.getValue(LazyJVM.kt:74)
  	at dagger.spi.internal.shaded.androidx.room.compiler.processing.javac.JavacT
ypeElement.getKotlinMetadata(JavacTypeElement.kt:57)
  	at dagger.spi.internal.shaded.androidx.room.compiler.processing.javac.JavacT
ypeElement$type$2.invoke(JavacTypeElement.kt:215)
  	at dagger.spi.internal.shaded.androidx.room.compiler.processing.javac.JavacT
ypeElement$type$2.invoke(JavacTypeElement.kt:212)
  	at kotlin.SynchronizedLazyImpl.getValue(LazyJVM.kt:74)
  	at dagger.spi.internal.shaded.androidx.room.compiler.processing.javac.JavacT
ypeElement.getType(JavacTypeElement.kt:212)
  	at dagger.spi.internal.shaded.androidx.room.compiler.processing.javac.JavacT
ypeElement.getType(JavacTypeElement.kt:44)
  	at dagger.hilt.android.processor.internal.viewmodel.ViewModelMetadata$Compan
ion.create$java_dagger_hilt_android_processor_internal_viewmodel_processor_lib(
ViewModelMetadata.kt:66)
  	at dagger.hilt.android.processor.internal.viewmodel.ViewModelProcessingStep.
processEach(ViewModelProcessingStep.kt:36)
  	at dagger.hilt.processor.internal.BaseProcessingStep.process(BaseProcessingS
tep.java:118)
  	at dagger.hilt.processor.internal.BaseProcessingStep.process(BaseProcessingS
tep.java:49)
  	at dagger.spi.internal.shaded.androidx.room.compiler.processing.CommonProces
sorDelegate.processRound(XBasicAnnotationProcessor.kt:134)
  	at dagger.spi.internal.shaded.androidx.room.compiler.processing.javac.JavacB
asicAnnotationProcessor.process(JavacBasicAnnotationProcessor.kt:75)
  	at org.jetbrains.kotlin.kapt.base.incremental.IncrementalProcessor.process(i
ncrementalProcessors.kt:88)
  	at org.jetbrains.kotlin.kapt.base.ProcessorWrapper.process(annotationProcess
ing.kt:217)
  	at jdk.compiler/com.sun.tools.javac.processing.JavacProcessingEnvironment.ca
llProcessor(Unknown Source)
  	at jdk.compiler/com.sun.tools.javac.processing.JavacProcessingEnvironment.di
scoverAndRunProcs(Unknown Source)
  	at jdk.compiler/com.sun.tools.javac.processing.JavacProcessingEnvironment$Ro
und.run(Unknown Source)
  	at jdk.compiler/com.sun.tools.javac.processing.JavacProcessingEnvironment.do
Processing(Unknown Source)
  	at 
jdk.compiler/com.sun.tools.javac.main.JavaCompiler.processAnnotations(Unknown 
Source)
  	at java.base/jdk.internal.reflect.DirectMethodHandleAccessor.invoke(Unknown 
Source)
  	at java.base/java.lang.reflect.Method.invoke(Unknown Source)
  	at org.jetbrains.kotlin.kapt.base.AnnotationProcessingKt.doAnnotationProcess
ing(annotationProcessing.kt:98)
  	at org.jetbrains.kotlin.kapt.base.AnnotationProcessingKt.doAnnotationProcess
ing(annotationProcessing.kt:37)
  	at org.jetbrains.kotlin.kapt.base.Kapt.kapt(Kapt.kt:46)
  	at java.base/jdk.internal.reflect.DirectMethodHandleAccessor.invoke(Unknown 
Source)
  	at java.base/java.lang.reflect.Method.invoke(Unknown Source)
  	at org.jetbrains.kotlin.gradle.internal.KaptExecution.run(KaptWithoutKotlinc
Task.kt:336)
  	at org.jetbrains.kotlin.gradle.internal.KaptWithoutKotlincTask$KaptExecution
WorkAction.execute(KaptWithoutKotlincTask.kt:273)
  	at org.gradle.workers.internal.DefaultWorkerServer.execute(DefaultWorkerServ
er.java:68)
  	at org.gradle.workers.internal.NoIsolationWorkerFactory$1$1.create(NoIsolati
onWorkerFactory.java:64)
  	at org.gradle.workers.internal.NoIsolationWorkerFactory$1$1.create(NoIsolati
onWorkerFactory.java:61)
  	at org.gradle.internal.classloader.ClassLoaderUtils.executeInClassloader(Cla
ssLoaderUtils.java:100)
  	at org.gradle.workers.internal.NoIsolationWorkerFactory$1.lambda$execute$0(N
oIsolationWorkerFactory.java:61)
  	at org.gradle.workers.internal.AbstractWorker$1.call(AbstractWorker.java:44)
  	at org.gradle.workers.internal.AbstractWorker$1.call(AbstractWorker.java:41)
  	at org.gradle.internal.operations.DefaultBuildOperationRunner$CallableBuildO
perationWorker.execute(DefaultBuildOperationRunner.java:209)
  	at org.gradle.internal.operations.DefaultBuildOperationRunner$CallableBuildO
perationWorker.execute(DefaultBuildOperationRunner.java:204)
  	at org.gradle.internal.operations.DefaultBuildOperationRunner$2.execute(Defa
ultBuildOperationRunner.java:66)
  	at org.gradle.internal.operations.DefaultBuildOperationRunner$2.execute(Defa
ultBuildOperationRunner.java:59)
  	at org.gradle.internal.operations.DefaultBuildOperationRunner.execute(Defaul
tBuildOperationRunner.java:166)
  	at org.gradle.internal.operations.DefaultBuildOperationRunner.execute(Defaul
tBuildOperationRunner.java:59)
  	at org.gradle.internal.operations.DefaultBuildOperationRunner.call(DefaultBu
ildOperationRunner.java:53)
  	at org.gradle.workers.internal.AbstractWorker.executeWrappedInBuildOperation
(AbstractWorker.java:41)
  	at org.gradle.workers.internal.NoIsolationWorkerFactory$1.execute(NoIsolatio
nWorkerFactory.java:58)
  	at org.gradle.workers.internal.DefaultWorkerExecutor.lambda$submitWork$0(Def
aultWorkerExecutor.java:176)
  	at java.base/java.util.concurrent.FutureTask.run(Unknown Source)
  	at org.gradle.internal.work.DefaultConditionalExecutionQueue$ExecutionRunner
.runExecution(DefaultConditionalExecutionQueue.java:194)
  	at org.gradle.internal.work.DefaultConditionalExecutionQueue$ExecutionRunner
.access$700(DefaultConditionalExecutionQueue.java:127)
  	at org.gradle.internal.work.DefaultConditionalExecutionQueue$ExecutionRunner
$1.run(DefaultConditionalExecutionQueue.java:169)
  	at org.gradle.internal.Factories$1.create(Factories.java:33)
  	at org.gradle.internal.work.DefaultWorkerLeaseService.lambda$withLocksAcquir
ed$0(DefaultWorkerLeaseService.java:269)
  	at org.gradle.internal.work.ResourceLockStatistics$1.measure(ResourceLockSta
tistics.java:42)
  	at org.gradle.internal.work.DefaultWorkerLeaseService.withLocksAcquired(Defa
ultWorkerLeaseService.java:267)
  	at org.gradle.internal.work.DefaultWorkerLeaseService.withLocks(DefaultWorke
rLeaseService.java:259)
  	at org.gradle.internal.work.DefaultWorkerLeaseService.runAsWorkerThread(Defa
ultWorkerLeaseService.java:127)
  	at org.gradle.internal.work.DefaultWorkerLeaseService.runAsWorkerThread(Defa
ultWorkerLeaseService.java:132)
  	at org.gradle.internal.work.DefaultConditionalExecutionQueue$ExecutionRunner
.runBatch(DefaultConditionalExecutionQueue.java:164)
  	at org.gradle.internal.work.DefaultConditionalExecutionQueue$ExecutionRunner
.run(DefaultConditionalExecutionQueue.java:133)
  	at java.base/java.util.concurrent.Executors$RunnableAdapter.call(Unknown 
Source)
  	at java.base/java.util.concurrent.FutureTask.run(Unknown Source)
  	at org.gradle.internal.concurrent.ExecutorPolicy$CatchAndRecordFailures.onEx
ecute(ExecutorPolicy.java:64)
  	at org.gradle.internal.concurrent.AbstractManagedExecutor$1.run(AbstractMana
gedExecutor.java:47)
  	at java.base/java.util.concurrent.ThreadPoolExecutor.runWorker(Unknown 
Source)
  	at java.base/java.util.concurrent.ThreadPoolExecutor$Worker.run(Unknown 
Source)
  	at java.base/java.lang.Thread.run(Unknown Source)
  
  [1;31m[Hilt] Processing did not complete. See error above for details.[0m
error: [Hilt] Provided Metadata instance has version 2.2.0, while maximum 
supported version is 2.1.0. To support newer versions, update the 
kotlinx-metadata-jvm library.: java.lang.IllegalArgumentException: Provided 
Metadata instance has version 2.2.0, while maximum supported version is 2.1.0. 
To support newer versions, update the kotlinx-metadata-jvm library.
  	at dagger.spi.internal.shaded.androidx.room.jarjarred.kotlinx.metadata.jvm.i
nternal.JvmReadUtils.throwIfNotCompatible$kotlinx_metadata_jvm(JvmReadUtils.kt:
101)
  	at dagger.spi.internal.shaded.androidx.room.jarjarred.kotlinx.metadata.jvm.i
nternal.JvmReadUtils.checkMetadataVersionForRead(JvmReadUtils.kt:90)
  	at dagger.spi.internal.shaded.androidx.room.jarjarred.kotlinx.metadata.jvm.i
nternal.JvmReadUtils.readMetadataImpl$kotlinx_metadata_jvm(JvmReadUtils.kt:47)
  	at dagger.spi.internal.shaded.androidx.room.jarjarred.kotlinx.metadata.jvm.K
otlinClassMetadata$Companion.readStrict(KotlinClassMetadata.kt:793)
  	at dagger.spi.internal.shaded.androidx.room.compiler.processing.javac.kotlin
.KmClassContainer$Companion.createFor(KotlinClassMetadataUtils.kt:182)
  	at dagger.spi.internal.shaded.androidx.room.compiler.processing.javac.JavacT
ypeElement$kotlinMetadata$2.invoke(JavacTypeElement.kt:57)
  	at dagger.spi.internal.shaded.androidx.room.compiler.processing.javac.JavacT
ypeElement$kotlinMetadata$2.invoke(JavacTypeElement.kt:57)
  	at kotlin.SynchronizedLazyImpl.getValue(LazyJVM.kt:74)
  	at dagger.spi.internal.shaded.androidx.room.compiler.processing.javac.JavacT
ypeElement.getKotlinMetadata(JavacTypeElement.kt:57)
  	at dagger.spi.internal.shaded.androidx.room.compiler.processing.javac.JavacT
ypeElement$type$2.invoke(JavacTypeElement.kt:215)
  	at dagger.spi.internal.shaded.androidx.room.compiler.processing.javac.JavacT
ypeElement$type$2.invoke(JavacTypeElement.kt:212)
  	at kotlin.SynchronizedLazyImpl.getValue(LazyJVM.kt:74)
  	at dagger.spi.internal.shaded.androidx.room.compiler.processing.javac.JavacT
ypeElement.getType(JavacTypeElement.kt:212)
  	at dagger.spi.internal.shaded.androidx.room.compiler.processing.javac.JavacT
ypeElement.getType(JavacTypeElement.kt:44)
  	at dagger.hilt.android.processor.internal.viewmodel.ViewModelMetadata$Compan
ion.create$java_dagger_hilt_android_processor_internal_viewmodel_processor_lib(
ViewModelMetadata.kt:66)
  	at dagger.hilt.android.processor.internal.viewmodel.ViewModelProcessingStep.
processEach(ViewModelProcessingStep.kt:36)
  	at dagger.hilt.processor.internal.BaseProcessingStep.process(BaseProcessingS
tep.java:118)
  	at dagger.hilt.processor.internal.BaseProcessingStep.process(BaseProcessingS
tep.java:49)
  	at dagger.spi.internal.shaded.androidx.room.compiler.processing.CommonProces
sorDelegate.processRound(XBasicAnnotationProcessor.kt:134)
  	at dagger.spi.internal.shaded.androidx.room.compiler.processing.javac.JavacB
asicAnnotationProcessor.process(JavacBasicAnnotationProcessor.kt:75)
  	at org.jetbrains.kotlin.kapt.base.incremental.IncrementalProcessor.process(i
ncrementalProcessors.kt:88)
  	at org.jetbrains.kotlin.kapt.base.ProcessorWrapper.process(annotationProcess
ing.kt:217)
  	at jdk.compiler/com.sun.tools.javac.processing.JavacProcessingEnvironment.ca
llProcessor(Unknown Source)
  	at jdk.compiler/com.sun.tools.javac.processing.JavacProcessingEnvironment.di
scoverAndRunProcs(Unknown Source)
  	at jdk.compiler/com.sun.tools.javac.processing.JavacProcessingEnvironment$Ro
und.run(Unknown Source)
  	at jdk.compiler/com.sun.tools.javac.processing.JavacProcessingEnvironment.do
Processing(Unknown Source)
  	at 
jdk.compiler/com.sun.tools.javac.main.JavaCompiler.processAnnotations(Unknown 
Source)
  	at java.base/jdk.internal.reflect.DirectMethodHandleAccessor.invoke(Unknown 
Source)
  	at java.base/java.lang.reflect.Method.invoke(Unknown Source)
  	at org.jetbrains.kotlin.kapt.base.AnnotationProcessingKt.doAnnotationProcess
ing(annotationProcessing.kt:98)
  	at org.jetbrains.kotlin.kapt.base.AnnotationProcessingKt.doAnnotationProcess
ing(annotationProcessing.kt:37)
  	at org.jetbrains.kotlin.kapt.base.Kapt.kapt(Kapt.kt:46)
  	at java.base/jdk.internal.reflect.DirectMethodHandleAccessor.invoke(Unknown 
Source)
  	at java.base/java.lang.reflect.Method.invoke(Unknown Source)
  	at org.jetbrains.kotlin.gradle.internal.KaptExecution.run(KaptWithoutKotlinc
Task.kt:336)
  	at org.jetbrains.kotlin.gradle.internal.KaptWithoutKotlincTask$KaptExecution
WorkAction.execute(KaptWithoutKotlincTask.kt:273)
  	at org.gradle.workers.internal.DefaultWorkerServer.execute(DefaultWorkerServ
er.java:68)
  	at org.gradle.workers.internal.NoIsolationWorkerFactory$1$1.create(NoIsolati
onWorkerFactory.java:64)
  	at org.gradle.workers.internal.NoIsolationWorkerFactory$1$1.create(NoIsolati
onWorkerFactory.java:61)
  	at org.gradle.internal.classloader.ClassLoaderUtils.executeInClassloader(Cla
ssLoaderUtils.java:100)
  	at org.gradle.workers.internal.NoIsolationWorkerFactory$1.lambda$execute$0(N
oIsolationWorkerFactory.java:61)
  	at org.gradle.workers.internal.AbstractWorker$1.call(AbstractWorker.java:44)
  	at org.gradle.workers.internal.AbstractWorker$1.call(AbstractWorker.java:41)
  	at org.gradle.internal.operations.DefaultBuildOperationRunner$CallableBuildO
perationWorker.execute(DefaultBuildOperationRunner.java:209)
  	at org.gradle.internal.operations.DefaultBuildOperationRunner$CallableBuildO
perationWorker.execute(DefaultBuildOperationRunner.java:204)
  	at org.gradle.internal.operations.DefaultBuildOperationRunner$2.execute(Defa
ultBuildOperationRunner.java:66)
  	at org.gradle.internal.operations.DefaultBuildOperationRunner$2.execute(Defa
ultBuildOperationRunner.java:59)
  	at org.gradle.internal.operations.DefaultBuildOperationRunner.execute(Defaul
tBuildOperationRunner.java:166)
  	at org.gradle.internal.operations.DefaultBuildOperationRunner.execute(Defaul
tBuildOperationRunner.java:59)
  	at org.gradle.internal.operations.DefaultBuildOperationRunner.call(DefaultBu
ildOperationRunner.java:53)
  	at org.gradle.workers.internal.AbstractWorker.executeWrappedInBuildOperation
(AbstractWorker.java:41)
  	at org.gradle.workers.internal.NoIsolationWorkerFactory$1.execute(NoIsolatio
nWorkerFactory.java:58)
  	at org.gradle.workers.internal.DefaultWorkerExecutor.lambda$submitWork$0(Def
aultWorkerExecutor.java:176)
  	at java.base/java.util.concurrent.FutureTask.run(Unknown Source)
  	at org.gradle.internal.work.DefaultConditionalExecutionQueue$ExecutionRunner
.runExecution(DefaultConditionalExecutionQueue.java:194)
  	at org.gradle.internal.work.DefaultConditionalExecutionQueue$ExecutionRunner
.access$700(DefaultConditionalExecutionQueue.java:127)
  	at org.gradle.internal.work.DefaultConditionalExecutionQueue$ExecutionRunner
$1.run(DefaultConditionalExecutionQueue.java:169)
  	at org.gradle.internal.Factories$1.create(Factories.java:33)
  	at org.gradle.internal.work.DefaultWorkerLeaseService.lambda$withLocksAcquir
ed$0(DefaultWorkerLeaseService.java:269)
  	at org.gradle.internal.work.ResourceLockStatistics$1.measure(ResourceLockSta
tistics.java:42)
  	at org.gradle.internal.work.DefaultWorkerLeaseService.withLocksAcquired(Defa
ultWorkerLeaseService.java:267)
  	at org.gradle.internal.work.DefaultWorkerLeaseService.withLocks(DefaultWorke
rLeaseService.java:259)
  	at org.gradle.internal.work.DefaultWorkerLeaseService.runAsWorkerThread(Defa
ultWorkerLeaseService.java:127)
  	at org.gradle.internal.work.DefaultWorkerLeaseService.runAsWorkerThread(Defa
ultWorkerLeaseService.java:132)
  	at org.gradle.internal.work.DefaultConditionalExecutionQueue$ExecutionRunner
.runBatch(DefaultConditionalExecutionQueue.java:164)
  	at org.gradle.internal.work.DefaultConditionalExecutionQueue$ExecutionRunner
.run(DefaultConditionalExecutionQueue.java:133)
  	at java.base/java.util.concurrent.Executors$RunnableAdapter.call(Unknown 
Source)
  	at java.base/java.util.concurrent.FutureTask.run(Unknown Source)
  	at org.gradle.internal.concurrent.ExecutorPolicy$CatchAndRecordFailures.onEx
ecute(ExecutorPolicy.java:64)
  	at org.gradle.internal.concurrent.AbstractManagedExecutor$1.run(AbstractMana
gedExecutor.java:47)
  	at java.base/java.util.concurrent.ThreadPoolExecutor.runWorker(Unknown 
Source)
  	at java.base/java.util.concurrent.ThreadPoolExecutor$Worker.run(Unknown 
Source)
  	at java.base/java.lang.Thread.run(Unknown Source)
  
  [1;31m[Hilt] Processing did not complete. See error above for details.[0m
error: [Hilt] Provided Metadata instance has version 2.2.0, while maximum 
supported version is 2.1.0. To support newer versions, update the 
kotlinx-metadata-jvm library.: java.lang.IllegalArgumentException: Provided 
Metadata instance has version 2.2.0, while maximum supported version is 2.1.0. 
To support newer versions, update the kotlinx-metadata-jvm library.
  	at dagger.spi.internal.shaded.androidx.room.jarjarred.kotlinx.metadata.jvm.i
nternal.JvmReadUtils.throwIfNotCompatible$kotlinx_metadata_jvm(JvmReadUtils.kt:
101)
  	at dagger.spi.internal.shaded.androidx.room.jarjarred.kotlinx.metadata.jvm.i
nternal.JvmReadUtils.checkMetadataVersionForRead(JvmReadUtils.kt:90)
  	at dagger.spi.internal.shaded.androidx.room.jarjarred.kotlinx.metadata.jvm.i
nternal.JvmReadUtils.readMetadataImpl$kotlinx_metadata_jvm(JvmReadUtils.kt:47)
  	at dagger.spi.internal.shaded.androidx.room.jarjarred.kotlinx.metadata.jvm.K
otlinClassMetadata$Companion.readStrict(KotlinClassMetadata.kt:793)
  	at dagger.spi.internal.shaded.androidx.room.compiler.processing.javac.kotlin
.KmClassContainer$Companion.createFor(KotlinClassMetadataUtils.kt:182)
  	at dagger.spi.internal.shaded.androidx.room.compiler.processing.javac.JavacT
ypeElement$kotlinMetadata$2.invoke(JavacTypeElement.kt:57)
  	at dagger.spi.internal.shaded.androidx.room.compiler.processing.javac.JavacT
ypeElement$kotlinMetadata$2.invoke(JavacTypeElement.kt:57)
  	at kotlin.SynchronizedLazyImpl.getValue(LazyJVM.kt:74)
  	at dagger.spi.internal.shaded.androidx.room.compiler.processing.javac.JavacT
ypeElement.getKotlinMetadata(JavacTypeElement.kt:57)
  	at dagger.spi.internal.shaded.androidx.room.compiler.processing.javac.JavacT
ypeElement$type$2.invoke(JavacTypeElement.kt:215)
  	at dagger.spi.internal.shaded.androidx.room.compiler.processing.javac.JavacT
ypeElement$type$2.invoke(JavacTypeElement.kt:212)
  	at kotlin.SynchronizedLazyImpl.getValue(LazyJVM.kt:74)
  	at dagger.spi.internal.shaded.androidx.room.compiler.processing.javac.JavacT
ypeElement.getType(JavacTypeElement.kt:212)
  	at dagger.spi.internal.shaded.androidx.room.compiler.processing.javac.JavacT
ypeElement.getType(JavacTypeElement.kt:44)
  	at dagger.hilt.android.processor.internal.viewmodel.ViewModelMetadata$Compan
ion.create$java_dagger_hilt_android_processor_internal_viewmodel_processor_lib(
ViewModelMetadata.kt:66)
  	at dagger.hilt.android.processor.internal.viewmodel.ViewModelProcessingStep.
processEach(ViewModelProcessingStep.kt:36)
  	at dagger.hilt.processor.internal.BaseProcessingStep.process(BaseProcessingS
tep.java:118)
  	at dagger.hilt.processor.internal.BaseProcessingStep.process(BaseProcessingS
tep.java:49)
  	at dagger.spi.internal.shaded.androidx.room.compiler.processing.CommonProces
sorDelegate.processRound(XBasicAnnotationProcessor.kt:134)
  	at dagger.spi.internal.shaded.androidx.room.compiler.processing.javac.JavacB
asicAnnotationProcessor.process(JavacBasicAnnotationProcessor.kt:75)
  	at org.jetbrains.kotlin.kapt.base.incremental.IncrementalProcessor.process(i
ncrementalProcessors.kt:88)
  	at org.jetbrains.kotlin.kapt.base.ProcessorWrapper.process(annotationProcess
ing.kt:217)
  	at jdk.compiler/com.sun.tools.javac.processing.JavacProcessingEnvironment.ca
llProcessor(Unknown Source)
  	at jdk.compiler/com.sun.tools.javac.processing.JavacProcessingEnvironment.di
scoverAndRunProcs(Unknown Source)
  	at jdk.compiler/com.sun.tools.javac.processing.JavacProcessingEnvironment$Ro
und.run(Unknown Source)
  	at jdk.compiler/com.sun.tools.javac.processing.JavacProcessingEnvironment.do
Processing(Unknown Source)
  	at 
jdk.compiler/com.sun.tools.javac.main.JavaCompiler.processAnnotations(Unknown 
Source)
  	at java.base/jdk.internal.reflect.DirectMethodHandleAccessor.invoke(Unknown 
Source)
  	at java.base/java.lang.reflect.Method.invoke(Unknown Source)
  	at org.jetbrains.kotlin.kapt.base.AnnotationProcessingKt.doAnnotationProcess
ing(annotationProcessing.kt:98)
  	at org.jetbrains.kotlin.kapt.base.AnnotationProcessingKt.doAnnotationProcess
ing(annotationProcessing.kt:37)
  	at org.jetbrains.kotlin.kapt.base.Kapt.kapt(Kapt.kt:46)
  	at java.base/jdk.internal.reflect.DirectMethodHandleAccessor.invoke(Unknown 
Source)
  	at java.base/java.lang.reflect.Method.invoke(Unknown Source)
  	at org.jetbrains.kotlin.gradle.internal.KaptExecution.run(KaptWithoutKotlinc
Task.kt:336)
  	at org.jetbrains.kotlin.gradle.internal.KaptWithoutKotlincTask$KaptExecution
WorkAction.execute(KaptWithoutKotlincTask.kt:273)
  	at org.gradle.workers.internal.DefaultWorkerServer.execute(DefaultWorkerServ
er.java:68)
  	at org.gradle.workers.internal.NoIsolationWorkerFactory$1$1.create(NoIsolati
onWorkerFactory.java:64)
  	at org.gradle.workers.internal.NoIsolationWorkerFactory$1$1.create(NoIsolati
onWorkerFactory.java:61)
  	at org.gradle.internal.classloader.ClassLoaderUtils.executeInClassloader(Cla
ssLoaderUtils.java:100)
  	at org.gradle.workers.internal.NoIsolationWorkerFactory$1.lambda$execute$0(N
oIsolationWorkerFactory.java:61)
  	at org.gradle.workers.internal.AbstractWorker$1.call(AbstractWorker.java:44)
  	at org.gradle.workers.internal.AbstractWorker$1.call(AbstractWorker.java:41)
  	at org.gradle.internal.operations.DefaultBuildOperationRunner$CallableBuildO
perationWorker.execute(DefaultBuildOperationRunner.java:209)
  	at org.gradle.internal.operations.DefaultBuildOperationRunner$CallableBuildO
perationWorker.execute(DefaultBuildOperationRunner.java:204)
  	at org.gradle.internal.operations.DefaultBuildOperationRunner$2.execute(Defa
ultBuildOperationRunner.java:66)
  	at org.gradle.internal.operations.DefaultBuildOperationRunner$2.execute(Defa
ultBuildOperationRunner.java:59)
  	at org.gradle.internal.operations.DefaultBuildOperationRunner.execute(Defaul
tBuildOperationRunner.java:166)
  	at org.gradle.internal.operations.DefaultBuildOperationRunner.execute(Defaul
tBuildOperationRunner.java:59)
  	at org.gradle.internal.operations.DefaultBuildOperationRunner.call(DefaultBu
ildOperationRunner.java:53)
  	at org.gradle.workers.internal.AbstractWorker.executeWrappedInBuildOperation
(AbstractWorker.java:41)
  	at org.gradle.workers.internal.NoIsolationWorkerFactory$1.execute(NoIsolatio
nWorkerFactory.java:58)
  	at org.gradle.workers.internal.DefaultWorkerExecutor.lambda$submitWork$0(Def
aultWorkerExecutor.java:176)
  	at java.base/java.util.concurrent.FutureTask.run(Unknown Source)
  	at org.gradle.internal.work.DefaultConditionalExecutionQueue$ExecutionRunner
.runExecution(DefaultConditionalExecutionQueue.java:194)
  	at org.gradle.internal.work.DefaultConditionalExecutionQueue$ExecutionRunner
.access$700(DefaultConditionalExecutionQueue.java:127)
  	at org.gradle.internal.work.DefaultConditionalExecutionQueue$ExecutionRunner
$1.run(DefaultConditionalExecutionQueue.java:169)
  	at org.gradle.internal.Factories$1.create(Factories.java:33)
  	at org.gradle.internal.work.DefaultWorkerLeaseService.lambda$withLocksAcquir
ed$0(DefaultWorkerLeaseService.java:269)
  	at org.gradle.internal.work.ResourceLockStatistics$1.measure(ResourceLockSta
tistics.java:42)
  	at org.gradle.internal.work.DefaultWorkerLeaseService.withLocksAcquired(Defa
ultWorkerLeaseService.java:267)
  	at org.gradle.internal.work.DefaultWorkerLeaseService.withLocks(DefaultWorke
rLeaseService.java:259)
  	at org.gradle.internal.work.DefaultWorkerLeaseService.runAsWorkerThread(Defa
ultWorkerLeaseService.java:127)
  	at org.gradle.internal.work.DefaultWorkerLeaseService.runAsWorkerThread(Defa
ultWorkerLeaseService.java:132)
  	at org.gradle.internal.work.DefaultConditionalExecutionQueue$ExecutionRunner
.runBatch(DefaultConditionalExecutionQueue.java:164)
  	at org.gradle.internal.work.DefaultConditionalExecutionQueue$ExecutionRunner
.run(DefaultConditionalExecutionQueue.java:133)
  	at java.base/java.util.concurrent.Executors$RunnableAdapter.call(Unknown 
Source)
  	at java.base/java.util.concurrent.FutureTask.run(Unknown Source)
  	at org.gradle.internal.concurrent.ExecutorPolicy$CatchAndRecordFailures.onEx
ecute(ExecutorPolicy.java:64)
  	at org.gradle.internal.concurrent.AbstractManagedExecutor$1.run(AbstractMana
gedExecutor.java:47)
  	at java.base/java.util.concurrent.ThreadPoolExecutor.runWorker(Unknown 
Source)
  	at java.base/java.util.concurrent.ThreadPoolExecutor$Worker.run(Unknown 
Source)
  	at java.base/java.lang.Thread.run(Unknown Source)
  
  [1;31m[Hilt] Processing did not complete. See error above for details.[0m
error: [Hilt] Provided Metadata instance has version 2.2.0, while maximum 
supported version is 2.1.0. To support newer versions, update the 
kotlinx-metadata-jvm library.: java.lang.IllegalArgumentException: Provided 
Metadata instance has version 2.2.0, while maximum supported version is 2.1.0. 
To support newer versions, update the kotlinx-metadata-jvm library.
  	at dagger.spi.internal.shaded.androidx.room.jarjarred.kotlinx.metadata.jvm.i
nternal.JvmReadUtils.throwIfNotCompatible$kotlinx_metadata_jvm(JvmReadUtils.kt:
101)
  	at dagger.spi.internal.shaded.androidx.room.jarjarred.kotlinx.metadata.jvm.i
nternal.JvmReadUtils.checkMetadataVersionForRead(JvmReadUtils.kt:90)
  	at dagger.spi.internal.shaded.androidx.room.jarjarred.kotlinx.metadata.jvm.i
nternal.JvmReadUtils.readMetadataImpl$kotlinx_metadata_jvm(JvmReadUtils.kt:47)
  	at dagger.spi.internal.shaded.androidx.room.jarjarred.kotlinx.metadata.jvm.K
otlinClassMetadata$Companion.readStrict(KotlinClassMetadata.kt:793)
  	at dagger.spi.internal.shaded.androidx.room.compiler.processing.javac.kotlin
.KmClassContainer$Companion.createFor(KotlinClassMetadataUtils.kt:182)
  	at dagger.spi.internal.shaded.androidx.room.compiler.processing.javac.JavacT
ypeElement$kotlinMetadata$2.invoke(JavacTypeElement.kt:57)
  	at dagger.spi.internal.shaded.androidx.room.compiler.processing.javac.JavacT
ypeElement$kotlinMetadata$2.invoke(JavacTypeElement.kt:57)
  	at kotlin.SynchronizedLazyImpl.getValue(LazyJVM.kt:74)
  	at dagger.spi.internal.shaded.androidx.room.compiler.processing.javac.JavacT
ypeElement.getKotlinMetadata(JavacTypeElement.kt:57)
  	at dagger.spi.internal.shaded.androidx.room.compiler.processing.javac.JavacT
ypeElement$type$2.invoke(JavacTypeElement.kt:215)
  	at dagger.spi.internal.shaded.androidx.room.compiler.processing.javac.JavacT
ypeElement$type$2.invoke(JavacTypeElement.kt:212)
  	at kotlin.SynchronizedLazyImpl.getValue(LazyJVM.kt:74)
  	at dagger.spi.internal.shaded.androidx.room.compiler.processing.javac.JavacT
ypeElement.getType(JavacTypeElement.kt:212)
  	at dagger.spi.internal.shaded.androidx.room.compiler.processing.javac.JavacT
ypeElement.getType(JavacTypeElement.kt:44)
  	at dagger.hilt.android.processor.internal.viewmodel.ViewModelMetadata$Compan
ion.create$java_dagger_hilt_android_processor_internal_viewmodel_processor_lib(
ViewModelMetadata.kt:66)
  	at dagger.hilt.android.processor.internal.viewmodel.ViewModelProcessingStep.
processEach(ViewModelProcessingStep.kt:36)
  	at dagger.hilt.processor.internal.BaseProcessingStep.process(BaseProcessingS
tep.java:118)
  	at dagger.hilt.processor.internal.BaseProcessingStep.process(BaseProcessingS
tep.java:49)
  	at dagger.spi.internal.shaded.androidx.room.compiler.processing.CommonProces
sorDelegate.processRound(XBasicAnnotationProcessor.kt:134)
  	at dagger.spi.internal.shaded.androidx.room.compiler.processing.javac.JavacB
asicAnnotationProcessor.process(JavacBasicAnnotationProcessor.kt:75)
  	at org.jetbrains.kotlin.kapt.base.incremental.IncrementalProcessor.process(i
ncrementalProcessors.kt:88)
  	at org.jetbrains.kotlin.kapt.base.ProcessorWrapper.process(annotationProcess
ing.kt:217)
  	at jdk.compiler/com.sun.tools.javac.processing.JavacProcessingEnvironment.ca
llProcessor(Unknown Source)
  	at jdk.compiler/com.sun.tools.javac.processing.JavacProcessingEnvironment.di
scoverAndRunProcs(Unknown Source)
  	at jdk.compiler/com.sun.tools.javac.processing.JavacProcessingEnvironment$Ro
und.run(Unknown Source)
  	at jdk.compiler/com.sun.tools.javac.processing.JavacProcessingEnvironment.do
Processing(Unknown Source)
  	at 
jdk.compiler/com.sun.tools.javac.main.JavaCompiler.processAnnotations(Unknown 
Source)
  	at java.base/jdk.internal.reflect.DirectMethodHandleAccessor.invoke(Unknown 
Source)
  	at java.base/java.lang.reflect.Method.invoke(Unknown Source)
  	at org.jetbrains.kotlin.kapt.base.AnnotationProcessingKt.doAnnotationProcess
ing(annotationProcessing.kt:98)
  	at org.jetbrains.kotlin.kapt.base.AnnotationProcessingKt.doAnnotationProcess
ing(annotationProcessing.kt:37)
  	at org.jetbrains.kotlin.kapt.base.Kapt.kapt(Kapt.kt:46)
  	at java.base/jdk.internal.reflect.DirectMethodHandleAccessor.invoke(Unknown 
Source)
  	at java.base/java.lang.reflect.Method.invoke(Unknown Source)
  	at org.jetbrains.kotlin.gradle.internal.KaptExecution.run(KaptWithoutKotlinc
Task.kt:336)
  	at org.jetbrains.kotlin.gradle.internal.KaptWithoutKotlincTask$KaptExecution
WorkAction.execute(KaptWithoutKotlincTask.kt:273)
  	at org.gradle.workers.internal.DefaultWorkerServer.execute(DefaultWorkerServ
er.java:68)
  	at org.gradle.workers.internal.NoIsolationWorkerFactory$1$1.create(NoIsolati
onWorkerFactory.java:64)
  	at org.gradle.workers.internal.NoIsolationWorkerFactory$1$1.create(NoIsolati
onWorkerFactory.java:61)
  	at org.gradle.internal.classloader.ClassLoaderUtils.executeInClassloader(Cla
ssLoaderUtils.java:100)
  	at org.gradle.workers.internal.NoIsolationWorkerFactory$1.lambda$execute$0(N
oIsolationWorkerFactory.java:61)
  	at org.gradle.workers.internal.AbstractWorker$1.call(AbstractWorker.java:44)
  	at org.gradle.workers.internal.AbstractWorker$1.call(AbstractWorker.java:41)
  	at org.gradle.internal.operations.DefaultBuildOperationRunner$CallableBuildO
perationWorker.execute(DefaultBuildOperationRunner.java:209)
  	at org.gradle.internal.operations.DefaultBuildOperationRunner$CallableBuildO
perationWorker.execute(DefaultBuildOperationRunner.java:204)
  	at org.gradle.internal.operations.DefaultBuildOperationRunner$2.execute(Defa
ultBuildOperationRunner.java:66)
  	at org.gradle.internal.operations.DefaultBuildOperationRunner$2.execute(Defa
ultBuildOperationRunner.java:59)
  	at org.gradle.internal.operations.DefaultBuildOperationRunner.execute(Defaul
tBuildOperationRunner.java:166)
  	at org.gradle.internal.operations.DefaultBuildOperationRunner.execute(Defaul
tBuildOperationRunner.java:59)
  	at org.gradle.internal.operations.DefaultBuildOperationRunner.call(DefaultBu
ildOperationRunner.java:53)
  	at org.gradle.workers.internal.AbstractWorker.executeWrappedInBuildOperation
(AbstractWorker.java:41)
  	at org.gradle.workers.internal.NoIsolationWorkerFactory$1.execute(NoIsolatio
nWorkerFactory.java:58)
  	at org.gradle.workers.internal.DefaultWorkerExecutor.lambda$submitWork$0(Def
aultWorkerExecutor.java:176)
  	at java.base/java.util.concurrent.FutureTask.run(Unknown Source)
  	at org.gradle.internal.work.DefaultConditionalExecutionQueue$ExecutionRunner
.runExecution(DefaultConditionalExecutionQueue.java:194)
  	at org.gradle.internal.work.DefaultConditionalExecutionQueue$ExecutionRunner
.access$700(DefaultConditionalExecutionQueue.java:127)
  	at org.gradle.internal.work.DefaultConditionalExecutionQueue$ExecutionRunner
$1.run(DefaultConditionalExecutionQueue.java:169)
  	at org.gradle.internal.Factories$1.create(Factories.java:33)
  	at org.gradle.internal.work.DefaultWorkerLeaseService.lambda$withLocksAcquir
ed$0(DefaultWorkerLeaseService.java:269)
  	at org.gradle.internal.work.ResourceLockStatistics$1.measure(ResourceLockSta
tistics.java:42)
  	at org.gradle.internal.work.DefaultWorkerLeaseService.withLocksAcquired(Defa
ultWorkerLeaseService.java:267)
  	at org.gradle.internal.work.DefaultWorkerLeaseService.withLocks(DefaultWorke
rLeaseService.java:259)
  	at org.gradle.internal.work.DefaultWorkerLeaseService.runAsWorkerThread(Defa
ultWorkerLeaseService.java:127)
  	at org.gradle.internal.work.DefaultWorkerLeaseService.runAsWorkerThread(Defa
ultWorkerLeaseService.java:132)
  	at org.gradle.internal.work.DefaultConditionalExecutionQueue$ExecutionRunner
.runBatch(DefaultConditionalExecutionQueue.java:164)
  	at org.gradle.internal.work.DefaultConditionalExecutionQueue$ExecutionRunner
.run(DefaultConditionalExecutionQueue.java:133)
  	at java.base/java.util.concurrent.Executors$RunnableAdapter.call(Unknown 
Source)
  	at java.base/java.util.concurrent.FutureTask.run(Unknown Source)
  	at org.gradle.internal.concurrent.ExecutorPolicy$CatchAndRecordFailures.onEx
ecute(ExecutorPolicy.java:64)
  	at org.gradle.internal.concurrent.AbstractManagedExecutor$1.run(AbstractMana
gedExecutor.java:47)
  	at java.base/java.util.concurrent.ThreadPoolExecutor.runWorker(Unknown 
Source)
  	at java.base/java.util.concurrent.ThreadPoolExecutor$Worker.run(Unknown 
Source)
  	at java.base/java.lang.Thread.run(Unknown Source)
  
  [1;31m[Hilt] Processing did not complete. See error above for details.[0m
error: [Hilt] Provided Metadata instance has version 2.2.0, while maximum 
supported version is 2.1.0. To support newer versions, update the 
kotlinx-metadata-jvm library.: java.lang.IllegalArgumentException: Provided 
Metadata instance has version 2.2.0, while maximum supported version is 2.1.0. 
To support newer versions, update the kotlinx-metadata-jvm library.
  	at dagger.spi.internal.shaded.androidx.room.jarjarred.kotlinx.metadata.jvm.i
nternal.JvmReadUtils.throwIfNotCompatible$kotlinx_metadata_jvm(JvmReadUtils.kt:
101)
  	at dagger.spi.internal.shaded.androidx.room.jarjarred.kotlinx.metadata.jvm.i
nternal.JvmReadUtils.checkMetadataVersionForRead(JvmReadUtils.kt:90)
  	at dagger.spi.internal.shaded.androidx.room.jarjarred.kotlinx.metadata.jvm.i
nternal.JvmReadUtils.readMetadataImpl$kotlinx_metadata_jvm(JvmReadUtils.kt:47)
  	at dagger.spi.internal.shaded.androidx.room.jarjarred.kotlinx.metadata.jvm.K
otlinClassMetadata$Companion.readStrict(KotlinClassMetadata.kt:793)
  	at dagger.spi.internal.shaded.androidx.room.compiler.processing.javac.kotlin
.KmClassContainer$Companion.createFor(KotlinClassMetadataUtils.kt:182)
  	at dagger.spi.internal.shaded.androidx.room.compiler.processing.javac.JavacT
ypeElement$kotlinMetadata$2.invoke(JavacTypeElement.kt:57)
  	at dagger.spi.internal.shaded.androidx.room.compiler.processing.javac.JavacT
ypeElement$kotlinMetadata$2.invoke(JavacTypeElement.kt:57)
  	at kotlin.SynchronizedLazyImpl.getValue(LazyJVM.kt:74)
  	at dagger.spi.internal.shaded.androidx.room.compiler.processing.javac.JavacT
ypeElement.getKotlinMetadata(JavacTypeElement.kt:57)
  	at dagger.spi.internal.shaded.androidx.room.compiler.processing.javac.JavacT
ypeElement$type$2.invoke(JavacTypeElement.kt:215)
  	at dagger.spi.internal.shaded.androidx.room.compiler.processing.javac.JavacT
ypeElement$type$2.invoke(JavacTypeElement.kt:212)
  	at kotlin.SynchronizedLazyImpl.getValue(LazyJVM.kt:74)
  	at dagger.spi.internal.shaded.androidx.room.compiler.processing.javac.JavacT
ypeElement.getType(JavacTypeElement.kt:212)
  	at dagger.spi.internal.shaded.androidx.room.compiler.processing.javac.JavacT
ypeElement.getType(JavacTypeElement.kt:44)
  	at dagger.hilt.android.processor.internal.viewmodel.ViewModelMetadata$Compan
ion.create$java_dagger_hilt_android_processor_internal_viewmodel_processor_lib(
ViewModelMetadata.kt:66)
  	at dagger.hilt.android.processor.internal.viewmodel.ViewModelProcessingStep.
processEach(ViewModelProcessingStep.kt:36)
  	at dagger.hilt.processor.internal.BaseProcessingStep.process(BaseProcessingS
tep.java:118)
  	at dagger.hilt.processor.internal.BaseProcessingStep.process(BaseProcessingS
tep.java:49)
  	at dagger.spi.internal.shaded.androidx.room.compiler.processing.CommonProces
sorDelegate.processRound(XBasicAnnotationProcessor.kt:134)
  	at dagger.spi.internal.shaded.androidx.room.compiler.processing.javac.JavacB
asicAnnotationProcessor.process(JavacBasicAnnotationProcessor.kt:75)
  	at org.jetbrains.kotlin.kapt.base.incremental.IncrementalProcessor.process(i
ncrementalProcessors.kt:88)
  	at org.jetbrains.kotlin.kapt.base.ProcessorWrapper.process(annotationProcess
ing.kt:217)
  	at jdk.compiler/com.sun.tools.javac.processing.JavacProcessingEnvironment.ca
llProcessor(Unknown Source)
  	at jdk.compiler/com.sun.tools.javac.processing.JavacProcessingEnvironment.di
scoverAndRunProcs(Unknown Source)
  	at jdk.compiler/com.sun.tools.javac.processing.JavacProcessingEnvironment$Ro
und.run(Unknown Source)
  	at jdk.compiler/com.sun.tools.javac.processing.JavacProcessingEnvironment.do
Processing(Unknown Source)
  	at 
jdk.compiler/com.sun.tools.javac.main.JavaCompiler.processAnnotations(Unknown 
Source)
  	at java.base/jdk.internal.reflect.DirectMethodHandleAccessor.invoke(Unknown 
Source)
  	at java.base/java.lang.reflect.Method.invoke(Unknown Source)
  	at org.jetbrains.kotlin.kapt.base.AnnotationProcessingKt.doAnnotationProcess
ing(annotationProcessing.kt:98)
  	at org.jetbrains.kotlin.kapt.base.AnnotationProcessingKt.doAnnotationProcess
ing(annotationProcessing.kt:37)
  	at org.jetbrains.kotlin.kapt.base.Kapt.kapt(Kapt.kt:46)
  	at java.base/jdk.internal.reflect.DirectMethodHandleAccessor.invoke(Unknown 
Source)
  	at java.base/java.lang.reflect.Method.invoke(Unknown Source)
  	at org.jetbrains.kotlin.gradle.internal.KaptExecution.run(KaptWithoutKotlinc
Task.kt:336)
  	at org.jetbrains.kotlin.gradle.internal.KaptWithoutKotlincTask$KaptExecution
WorkAction.execute(KaptWithoutKotlincTask.kt:273)
  	at org.gradle.workers.internal.DefaultWorkerServer.execute(DefaultWorkerServ
er.java:68)
  	at org.gradle.workers.internal.NoIsolationWorkerFactory$1$1.create(NoIsolati
onWorkerFactory.java:64)
  	at org.gradle.workers.internal.NoIsolationWorkerFactory$1$1.create(NoIsolati
onWorkerFactory.java:61)
  	at org.gradle.internal.classloader.ClassLoaderUtils.executeInClassloader(Cla
ssLoaderUtils.java:100)
  	at org.gradle.workers.internal.NoIsolationWorkerFactory$1.lambda$execute$0(N
oIsolationWorkerFactory.java:61)
  	at org.gradle.workers.internal.AbstractWorker$1.call(AbstractWorker.java:44)
  	at org.gradle.workers.internal.AbstractWorker$1.call(AbstractWorker.java:41)
  	at org.gradle.internal.operations.DefaultBuildOperationRunner$CallableBuildO
perationWorker.execute(DefaultBuildOperationRunner.java:209)
  	at org.gradle.internal.operations.DefaultBuildOperationRunner$CallableBuildO
perationWorker.execute(DefaultBuildOperationRunner.java:204)
  	at org.gradle.internal.operations.DefaultBuildOperationRunner$2.execute(Defa
ultBuildOperationRunner.java:66)
  	at org.gradle.internal.operations.DefaultBuildOperationRunner$2.execute(Defa
ultBuildOperationRunner.java:59)
  	at org.gradle.internal.operations.DefaultBuildOperationRunner.execute(Defaul
tBuildOperationRunner.java:166)
  	at org.gradle.internal.operations.DefaultBuildOperationRunner.execute(Defaul
tBuildOperationRunner.java:59)
  	at org.gradle.internal.operations.DefaultBuildOperationRunner.call(DefaultBu
ildOperationRunner.java:53)
  	at org.gradle.workers.internal.AbstractWorker.executeWrappedInBuildOperation
(AbstractWorker.java:41)
  	at org.gradle.workers.internal.NoIsolationWorkerFactory$1.execute(NoIsolatio
nWorkerFactory.java:58)
  	at org.gradle.workers.internal.DefaultWorkerExecutor.lambda$submitWork$0(Def
aultWorkerExecutor.java:176)
  	at java.base/java.util.concurrent.FutureTask.run(Unknown Source)
  	at org.gradle.internal.work.DefaultConditionalExecutionQueue$ExecutionRunner
.runExecution(DefaultConditionalExecutionQueue.java:194)
  	at org.gradle.internal.work.DefaultConditionalExecutionQueue$ExecutionRunner
.access$700(DefaultConditionalExecutionQueue.java:127)
  	at org.gradle.internal.work.DefaultConditionalExecutionQueue$ExecutionRunner
$1.run(DefaultConditionalExecutionQueue.java:169)
  	at org.gradle.internal.Factories$1.create(Factories.java:33)
  	at org.gradle.internal.work.DefaultWorkerLeaseService.lambda$withLocksAcquir
ed$0(DefaultWorkerLeaseService.java:269)
  	at org.gradle.internal.work.ResourceLockStatistics$1.measure(ResourceLockSta
tistics.java:42)
  	at org.gradle.internal.work.DefaultWorkerLeaseService.withLocksAcquired(Defa
ultWorkerLeaseService.java:267)
  	at org.gradle.internal.work.DefaultWorkerLeaseService.withLocks(DefaultWorke
rLeaseService.java:259)
  	at org.gradle.internal.work.DefaultWorkerLeaseService.runAsWorkerThread(Defa
ultWorkerLeaseService.java:127)
  	at org.gradle.internal.work.DefaultWorkerLeaseService.runAsWorkerThread(Defa
ultWorkerLeaseService.java:132)
  	at org.gradle.internal.work.DefaultConditionalExecutionQueue$ExecutionRunner
.runBatch(DefaultConditionalExecutionQueue.java:164)
  	at org.gradle.internal.work.DefaultConditionalExecutionQueue$ExecutionRunner
.run(DefaultConditionalExecutionQueue.java:133)
  	at java.base/java.util.concurrent.Executors$RunnableAdapter.call(Unknown 
Source)
  	at java.base/java.util.concurrent.FutureTask.run(Unknown Source)
  	at org.gradle.internal.concurrent.ExecutorPolicy$CatchAndRecordFailures.onEx
ecute(ExecutorPolicy.java:64)
  	at org.gradle.internal.concurrent.AbstractManagedExecutor$1.run(AbstractMana
gedExecutor.java:47)
  	at java.base/java.util.concurrent.ThreadPoolExecutor.runWorker(Unknown 
Source)
  	at java.base/java.util.concurrent.ThreadPoolExecutor$Worker.run(Unknown 
Source)
  	at java.base/java.lang.Thread.run(Unknown Source)
  
  [1;31m[Hilt] Processing did not complete. See error above for details.[0m
error: [Hilt] Provided Metadata instance has version 2.2.0, while maximum 
supported version is 2.1.0. To support newer versions, update the 
kotlinx-metadata-jvm library.: java.lang.IllegalArgumentException: Provided 
Metadata instance has version 2.2.0, while maximum supported version is 2.1.0. 
To support newer versions, update the kotlinx-metadata-jvm library.
  	at dagger.spi.internal.shaded.androidx.room.jarjarred.kotlinx.metadata.jvm.i
nternal.JvmReadUtils.throwIfNotCompatible$kotlinx_metadata_jvm(JvmReadUtils.kt:
101)
  	at dagger.spi.internal.shaded.androidx.room.jarjarred.kotlinx.metadata.jvm.i
nternal.JvmReadUtils.checkMetadataVersionForRead(JvmReadUtils.kt:90)
  	at dagger.spi.internal.shaded.androidx.room.jarjarred.kotlinx.metadata.jvm.i
nternal.JvmReadUtils.readMetadataImpl$kotlinx_metadata_jvm(JvmReadUtils.kt:47)
  	at dagger.spi.internal.shaded.androidx.room.jarjarred.kotlinx.metadata.jvm.K
otlinClassMetadata$Companion.readStrict(KotlinClassMetadata.kt:793)
  	at dagger.spi.internal.shaded.androidx.room.compiler.processing.javac.kotlin
.KmClassContainer$Companion.createFor(KotlinClassMetadataUtils.kt:182)
  	at dagger.spi.internal.shaded.androidx.room.compiler.processing.javac.JavacT
ypeElement$kotlinMetadata$2.invoke(JavacTypeElement.kt:57)
  	at dagger.spi.internal.shaded.androidx.room.compiler.processing.javac.JavacT
ypeElement$kotlinMetadata$2.invoke(JavacTypeElement.kt:57)
  	at kotlin.SynchronizedLazyImpl.getValue(LazyJVM.kt:74)
  	at dagger.spi.internal.shaded.androidx.room.compiler.processing.javac.JavacT
ypeElement.getKotlinMetadata(JavacTypeElement.kt:57)
  	at dagger.spi.internal.shaded.androidx.room.compiler.processing.javac.JavacT
ypeElement$type$2.invoke(JavacTypeElement.kt:215)
  	at dagger.spi.internal.shaded.androidx.room.compiler.processing.javac.JavacT
ypeElement$type$2.invoke(JavacTypeElement.kt:212)
  	at kotlin.SynchronizedLazyImpl.getValue(LazyJVM.kt:74)
  	at dagger.spi.internal.shaded.androidx.room.compiler.processing.javac.JavacT
ypeElement.getType(JavacTypeElement.kt:212)
  	at dagger.spi.internal.shaded.androidx.room.compiler.processing.javac.JavacT
ypeElement.getType(JavacTypeElement.kt:44)
  	at dagger.hilt.android.processor.internal.viewmodel.ViewModelMetadata$Compan
ion.create$java_dagger_hilt_android_processor_internal_viewmodel_processor_lib(
ViewModelMetadata.kt:66)
  	at dagger.hilt.android.processor.internal.viewmodel.ViewModelProcessingStep.
processEach(ViewModelProcessingStep.kt:36)
  	at dagger.hilt.processor.internal.BaseProcessingStep.process(BaseProcessingS
tep.java:118)
  	at dagger.hilt.processor.internal.BaseProcessingStep.process(BaseProcessingS
tep.java:49)
  	at dagger.spi.internal.shaded.androidx.room.compiler.processing.CommonProces
sorDelegate.processRound(XBasicAnnotationProcessor.kt:134)
  	at dagger.spi.internal.shaded.androidx.room.compiler.processing.javac.JavacB
asicAnnotationProcessor.process(JavacBasicAnnotationProcessor.kt:75)
  	at org.jetbrains.kotlin.kapt.base.incremental.IncrementalProcessor.process(i
ncrementalProcessors.kt:88)
  	at org.jetbrains.kotlin.kapt.base.ProcessorWrapper.process(annotationProcess
ing.kt:217)
  	at jdk.compiler/com.sun.tools.javac.processing.JavacProcessingEnvironment.ca
llProcessor(Unknown Source)
  	at jdk.compiler/com.sun.tools.javac.processing.JavacProcessingEnvironment.di
scoverAndRunProcs(Unknown Source)
  	at jdk.compiler/com.sun.tools.javac.processing.JavacProcessingEnvironment$Ro
und.run(Unknown Source)
  	at jdk.compiler/com.sun.tools.javac.processing.JavacProcessingEnvironment.do
Processing(Unknown Source)
  	at 
jdk.compiler/com.sun.tools.javac.main.JavaCompiler.processAnnotations(Unknown 
Source)
  	at java.base/jdk.internal.reflect.DirectMethodHandleAccessor.invoke(Unknown 
Source)
  	at java.base/java.lang.reflect.Method.invoke(Unknown Source)
  	at org.jetbrains.kotlin.kapt.base.AnnotationProcessingKt.doAnnotationProcess
ing(annotationProcessing.kt:98)
  	at org.jetbrains.kotlin.kapt.base.AnnotationProcessingKt.doAnnotationProcess
ing(annotationProcessing.kt:37)
  	at org.jetbrains.kotlin.kapt.base.Kapt.kapt(Kapt.kt:46)
  	at java.base/jdk.internal.reflect.DirectMethodHandleAccessor.invoke(Unknown 
Source)
  	at java.base/java.lang.reflect.Method.invoke(Unknown Source)
  	at org.jetbrains.kotlin.gradle.internal.KaptExecution.run(KaptWithoutKotlinc
Task.kt:336)
  	at org.jetbrains.kotlin.gradle.internal.KaptWithoutKotlincTask$KaptExecution
WorkAction.execute(KaptWithoutKotlincTask.kt:273)
  	at org.gradle.workers.internal.DefaultWorkerServer.execute(DefaultWorkerServ
er.java:68)
  	at org.gradle.workers.internal.NoIsolationWorkerFactory$1$1.create(NoIsolati
onWorkerFactory.java:64)
  	at org.gradle.workers.internal.NoIsolationWorkerFactory$1$1.create(NoIsolati
onWorkerFactory.java:61)
  	at org.gradle.internal.classloader.ClassLoaderUtils.executeInClassloader(Cla
ssLoaderUtils.java:100)
  	at org.gradle.workers.internal.NoIsolationWorkerFactory$1.lambda$execute$0(N
oIsolationWorkerFactory.java:61)
  	at org.gradle.workers.internal.AbstractWorker$1.call(AbstractWorker.java:44)
  	at org.gradle.workers.internal.AbstractWorker$1.call(AbstractWorker.java:41)
  	at org.gradle.internal.operations.DefaultBuildOperationRunner$CallableBuildO
perationWorker.execute(DefaultBuildOperationRunner.java:209)
  	at org.gradle.internal.operations.DefaultBuildOperationRunner$CallableBuildO
perationWorker.execute(DefaultBuildOperationRunner.java:204)
  	at org.gradle.internal.operations.DefaultBuildOperationRunner$2.execute(Defa
ultBuildOperationRunner.java:66)
  	at org.gradle.internal.operations.DefaultBuildOperationRunner$2.execute(Defa
ultBuildOperationRunner.java:59)
  	at org.gradle.internal.operations.DefaultBuildOperationRunner.execute(Defaul
tBuildOperationRunner.java:166)
  	at org.gradle.internal.operations.DefaultBuildOperationRunner.execute(Defaul
tBuildOperationRunner.java:59)
  	at org.gradle.internal.operations.DefaultBuildOperationRunner.call(DefaultBu
ildOperationRunner.java:53)
  	at org.gradle.workers.internal.AbstractWorker.executeWrappedInBuildOperation
(AbstractWorker.java:41)
  	at org.gradle.workers.internal.NoIsolationWorkerFactory$1.execute(NoIsolatio
nWorkerFactory.java:58)
  	at org.gradle.workers.internal.DefaultWorkerExecutor.lambda$submitWork$0(Def
aultWorkerExecutor.java:176)
  	at java.base/java.util.concurrent.FutureTask.run(Unknown Source)
  	at org.gradle.internal.work.DefaultConditionalExecutionQueue$ExecutionRunner
.runExecution(DefaultConditionalExecutionQueue.java:194)
  	at org.gradle.internal.work.DefaultConditionalExecutionQueue$ExecutionRunner
.access$700(DefaultConditionalExecutionQueue.java:127)
  	at org.gradle.internal.work.DefaultConditionalExecutionQueue$ExecutionRunner
$1.run(DefaultConditionalExecutionQueue.java:169)
  	at org.gradle.internal.Factories$1.create(Factories.java:33)
  	at org.gradle.internal.work.DefaultWorkerLeaseService.lambda$withLocksAcquir
ed$0(DefaultWorkerLeaseService.java:269)
  	at org.gradle.internal.work.ResourceLockStatistics$1.measure(ResourceLockSta
tistics.java:42)
  	at org.gradle.internal.work.DefaultWorkerLeaseService.withLocksAcquired(Defa
ultWorkerLeaseService.java:267)
  	at org.gradle.internal.work.DefaultWorkerLeaseService.withLocks(DefaultWorke
rLeaseService.java:259)
  	at org.gradle.internal.work.DefaultWorkerLeaseService.runAsWorkerThread(Defa
ultWorkerLeaseService.java:127)
  	at org.gradle.internal.work.DefaultWorkerLeaseService.runAsWorkerThread(Defa
ultWorkerLeaseService.java:132)
  	at org.gradle.internal.work.DefaultConditionalExecutionQueue$ExecutionRunner
.runBatch(DefaultConditionalExecutionQueue.java:164)
  	at org.gradle.internal.work.DefaultConditionalExecutionQueue$ExecutionRunner
.run(DefaultConditionalExecutionQueue.java:133)
  	at java.base/java.util.concurrent.Executors$RunnableAdapter.call(Unknown 
Source)
  	at java.base/java.util.concurrent.FutureTask.run(Unknown Source)
  	at org.gradle.internal.concurrent.ExecutorPolicy$CatchAndRecordFailures.onEx
ecute(ExecutorPolicy.java:64)
  	at org.gradle.internal.concurrent.AbstractManagedExecutor$1.run(AbstractMana
gedExecutor.java:47)
  	at java.base/java.util.concurrent.ThreadPoolExecutor.runWorker(Unknown 
Source)
  	at java.base/java.util.concurrent.ThreadPoolExecutor$Worker.run(Unknown 
Source)
  	at java.base/java.lang.Thread.run(Unknown Source)
  
  [1;31m[Hilt] Processing did not complete. See error above for details.[0m
error: [Hilt] Provided Metadata instance has version 2.2.0, while maximum 
supported version is 2.1.0. To support newer versions, update the 
kotlinx-metadata-jvm library.: java.lang.IllegalArgumentException: Provided 
Metadata instance has version 2.2.0, while maximum supported version is 2.1.0. 
To support newer versions, update the kotlinx-metadata-jvm library.
  	at dagger.spi.internal.shaded.androidx.room.jarjarred.kotlinx.metadata.jvm.i
nternal.JvmReadUtils.throwIfNotCompatible$kotlinx_metadata_jvm(JvmReadUtils.kt:
101)
  	at dagger.spi.internal.shaded.androidx.room.jarjarred.kotlinx.metadata.jvm.i
nternal.JvmReadUtils.checkMetadataVersionForRead(JvmReadUtils.kt:90)
  	at dagger.spi.internal.shaded.androidx.room.jarjarred.kotlinx.metadata.jvm.i
nternal.JvmReadUtils.readMetadataImpl$kotlinx_metadata_jvm(JvmReadUtils.kt:47)
  	at dagger.spi.internal.shaded.androidx.room.jarjarred.kotlinx.metadata.jvm.K
otlinClassMetadata$Companion.readStrict(KotlinClassMetadata.kt:793)
  	at dagger.spi.internal.shaded.androidx.room.compiler.processing.javac.kotlin
.KmClassContainer$Companion.createFor(KotlinClassMetadataUtils.kt:182)
  	at dagger.spi.internal.shaded.androidx.room.compiler.processing.javac.JavacT
ypeElement$kotlinMetadata$2.invoke(JavacTypeElement.kt:57)
  	at dagger.spi.internal.shaded.androidx.room.compiler.processing.javac.JavacT
ypeElement$kotlinMetadata$2.invoke(JavacTypeElement.kt:57)
  	at kotlin.SynchronizedLazyImpl.getValue(LazyJVM.kt:74)
  	at dagger.spi.internal.shaded.androidx.room.compiler.processing.javac.JavacT
ypeElement.getKotlinMetadata(JavacTypeElement.kt:57)
  	at dagger.spi.internal.shaded.androidx.room.compiler.processing.javac.JavacT
ypeElement.isClass(JavacTypeElement.kt:133)
  	at dagger.hilt.processor.internal.aggregateddeps.AggregatedDepsProcessingSte
p.processModule(AggregatedDepsProcessingStep.java:142)
  	at dagger.hilt.processor.internal.aggregateddeps.AggregatedDepsProcessingSte
p.processEach(AggregatedDepsProcessingStep.java:107)
  	at dagger.hilt.processor.internal.BaseProcessingStep.process(BaseProcessingS
tep.java:118)
  	at dagger.hilt.processor.internal.aggregateddeps.AggregatedDepsProcessingSte
p.process(AggregatedDepsProcessingStep.java:46)
  	at dagger.spi.internal.shaded.androidx.room.compiler.processing.CommonProces
sorDelegate.processRound(XBasicAnnotationProcessor.kt:134)
  	at dagger.spi.internal.shaded.androidx.room.compiler.processing.javac.JavacB
asicAnnotationProcessor.process(JavacBasicAnnotationProcessor.kt:75)
  	at org.jetbrains.kotlin.kapt.base.incremental.IncrementalProcessor.process(i
ncrementalProcessors.kt:88)
  	at org.jetbrains.kotlin.kapt.base.ProcessorWrapper.process(annotationProcess
ing.kt:217)
  	at jdk.compiler/com.sun.tools.javac.processing.JavacProcessingEnvironment.ca
llProcessor(Unknown Source)
  	at jdk.compiler/com.sun.tools.javac.processing.JavacProcessingEnvironment.di
scoverAndRunProcs(Unknown Source)
  	at jdk.compiler/com.sun.tools.javac.processing.JavacProcessingEnvironment$Ro
und.run(Unknown Source)
  	at jdk.compiler/com.sun.tools.javac.processing.JavacProcessingEnvironment.do
Processing(Unknown Source)
  	at 
jdk.compiler/com.sun.tools.javac.main.JavaCompiler.processAnnotations(Unknown 
Source)
  	at java.base/jdk.internal.reflect.DirectMethodHandleAccessor.invoke(Unknown 
Source)
  	at java.base/java.lang.reflect.Method.invoke(Unknown Source)
  	at org.jetbrains.kotlin.kapt.base.AnnotationProcessingKt.doAnnotationProcess
ing(annotationProcessing.kt:98)
  	at org.jetbrains.kotlin.kapt.base.AnnotationProcessingKt.doAnnotationProcess
ing(annotationProcessing.kt:37)
  	at org.jetbrains.kotlin.kapt.base.Kapt.kapt(Kapt.kt:46)
  	at java.base/jdk.internal.reflect.DirectMethodHandleAccessor.invoke(Unknown 
Source)
  	at java.base/java.lang.reflect.Method.invoke(Unknown Source)
  	at org.jetbrains.kotlin.gradle.internal.KaptExecution.run(KaptWithoutKotlinc
Task.kt:336)
  	at org.jetbrains.kotlin.gradle.internal.KaptWithoutKotlincTask$KaptExecution
WorkAction.execute(KaptWithoutKotlincTask.kt:273)
  	at org.gradle.workers.internal.DefaultWorkerServer.execute(DefaultWorkerServ
er.java:68)
  	at org.gradle.workers.internal.NoIsolationWorkerFactory$1$1.create(NoIsolati
onWorkerFactory.java:64)
  	at org.gradle.workers.internal.NoIsolationWorkerFactory$1$1.create(NoIsolati
onWorkerFactory.java:61)
  	at org.gradle.internal.classloader.ClassLoaderUtils.executeInClassloader(Cla
ssLoaderUtils.java:100)
  	at org.gradle.workers.internal.NoIsolationWorkerFactory$1.lambda$execute$0(N
oIsolationWorkerFactory.java:61)
  	at org.gradle.workers.internal.AbstractWorker$1.call(AbstractWorker.java:44)
  	at org.gradle.workers.internal.AbstractWorker$1.call(AbstractWorker.java:41)
  	at org.gradle.internal.operations.DefaultBuildOperationRunner$CallableBuildO
perationWorker.execute(DefaultBuildOperationRunner.java:209)
  	at org.gradle.internal.operations.DefaultBuildOperationRunner$CallableBuildO
perationWorker.execute(DefaultBuildOperationRunner.java:204)
  	at org.gradle.internal.operations.DefaultBuildOperationRunner$2.execute(Defa
ultBuildOperationRunner.java:66)
  	at org.gradle.internal.operations.DefaultBuildOperationRunner$2.execute(Defa
ultBuildOperationRunner.java:59)
  	at org.gradle.internal.operations.DefaultBuildOperationRunner.execute(Defaul
tBuildOperationRunner.java:166)
  	at org.gradle.internal.operations.DefaultBuildOperationRunner.execute(Defaul
tBuildOperationRunner.java:59)
  	at org.gradle.internal.operations.DefaultBuildOperationRunner.call(DefaultBu
ildOperationRunner.java:53)
  	at org.gradle.workers.internal.AbstractWorker.executeWrappedInBuildOperation
(AbstractWorker.java:41)
  	at org.gradle.workers.internal.NoIsolationWorkerFactory$1.execute(NoIsolatio
nWorkerFactory.java:58)
  	at org.gradle.workers.internal.DefaultWorkerExecutor.lambda$submitWork$0(Def
aultWorkerExecutor.java:176)
  	at java.base/java.util.concurrent.FutureTask.run(Unknown Source)
  	at org.gradle.internal.work.DefaultConditionalExecutionQueue$ExecutionRunner
.runExecution(DefaultConditionalExecutionQueue.java:194)
  	at org.gradle.internal.work.DefaultConditionalExecutionQueue$ExecutionRunner
.access$700(DefaultConditionalExecutionQueue.java:127)
  	at org.gradle.internal.work.DefaultConditionalExecutionQueue$ExecutionRunner
$1.run(DefaultConditionalExecutionQueue.java:169)
  	at org.gradle.internal.Factories$1.create(Factories.java:33)
  	at org.gradle.internal.work.DefaultWorkerLeaseService.lambda$withLocksAcquir
ed$0(DefaultWorkerLeaseService.java:269)
32 actionable tasks: 13 executed, 19 from cache
  	at org.gradle.internal.work.ResourceLockStatistics$1.measure(ResourceLockSta
tistics.java:42)
  	at org.gradle.internal.work.DefaultWorkerLeaseService.withLocksAcquired(Defa
ultWorkerLeaseService.java:267)
  	at org.gradle.internal.work.DefaultWorkerLeaseService.withLocks(DefaultWorke
rLeaseService.java:259)
  	at org.gradle.internal.work.DefaultWorkerLeaseService.runAsWorkerThread(Defa
ultWorkerLeaseService.java:127)
  	at org.gradle.internal.work.DefaultWorkerLeaseService.runAsWorkerThread(Defa
ultWorkerLeaseService.java:132)
  	at org.gradle.internal.work.DefaultConditionalExecutionQueue$ExecutionRunner
.runBatch(DefaultConditionalExecutionQueue.java:164)
  	at org.gradle.internal.work.DefaultConditionalExecutionQueue$ExecutionRunner
.run(DefaultConditionalExecutionQueue.java:133)
  	at java.base/java.util.concurrent.Executors$RunnableAdapter.call(Unknown 
Source)
  	at java.base/java.util.concurrent.FutureTask.run(Unknown Source)
  	at org.gradle.internal.concurrent.ExecutorPolicy$CatchAndRecordFailures.onEx
ecute(ExecutorPolicy.java:64)
  	at org.gradle.internal.concurrent.AbstractManagedExecutor$1.run(AbstractMana
gedExecutor.java:47)
  	at java.base/java.util.concurrent.ThreadPoolExecutor.runWorker(Unknown 
Source)
  	at java.base/java.util.concurrent.ThreadPoolExecutor$Worker.run(Unknown 
Source)
  	at java.base/java.lang.Thread.run(Unknown Source)
  
  [1;31m[Hilt] Processing did not complete. See error above for details.[0m

FAILURE: Build failed with an exception.

* What went wrong:
Execution failed for task ':app:kaptDebugKotlin'.
> A failure occurred while executing org.jetbrains.kotlin.gradle.internal.KaptW
ithoutKotlincTask$KaptExecutionWorkAction

* Try:
> Run with --stacktrace option to get the stack trace.
> Run with --info or --debug option to get more log output.
> Run with --scan to generate a Build Scan (powered by Develocity).
> Get more help at https://help.gradle.org.

BUILD FAILED in 3s
